---
source: crates/weaver-renderer/src/static_site.rs
expression: output
---
<h1>Heading 1</h1>
<h2>Heading 2</h2>
<h3>Heading 3</h3>
