---
source: crates/weaver-renderer/src/static_site.rs
expression: output
---
<ul>
<li>Item 1</li>
<li>Item 2
<ul>
<li>Nested</li>
</ul>
</li>
</ul>
<ol>
<li>Ordered 1</li>
<li>Ordered 2</li>
</ol>
