---
source: crates/weaver-renderer/src/static_site.rs
expression: output
---
<pre><code class="language-rust">fn main() {
    println!("Hello");
}
</code></pre>
