---
source: crates/weaver-renderer/src/static_site.rs
expression: output
---
<p>This is a paragraph.</p>
<p>This is another paragraph.</p>
