---
source: crates/weaver-renderer/src/static_site/tests.rs
expression: output
---
<blockquote>
<p>This is a quote</p>
<p>With multiple lines</p>
</blockquote>
